  glad.c
  cube.cpp
  glslprogram.cpp
  glutils.cpp
  objmesh.cpp
D:\Uni\3015\Optimised-Developer-Tool\Apass\helper\objmesh.cpp(188,41): warning C4267: '+=': conversion from 'size_t' to 'int', possible loss of data
D:\Uni\3015\Optimised-Developer-Tool\Apass\helper\objmesh.cpp(194,48): warning C4267: '+=': conversion from 'size_t' to 'int', possible loss of data
D:\Uni\3015\Optimised-Developer-Tool\Apass\helper\objmesh.cpp(198,43): warning C4267: '+=': conversion from 'size_t' to 'int', possible loss of data
  plane.cpp
  skybox.cpp
  sphere.cpp
  stb_image.cpp
  teapot.cpp
  texture.cpp
  torus.cpp
  trianglemesh.cpp
  main.cpp
  scenebasic_uniform.cpp
  Generating Code...
LINK : warning LNK4098: defaultlib 'MSVCRT' conflicts with use of other libs; use /NODEFAULTLIB:library
  Project_Template.vcxproj -> D:\Uni\3015\Optimised-Developer-Tool\Apass\x64\Debug\Project_Template.exe
